// Jest Snapshot v1, https://goo.gl/fbAQLP

exports[`Carousel matches snapshot 1`] = `
<div
  className="sc-bczRLJ UjSde"
>
  <svg
    className="sc-eCYdqJ hCWvEb"
    disabled={false}
    fill="none"
    height="15"
    onClick={[Function]}
    viewBox="0 0 8 10"
    width="20"
    xmlns="http://www.w3.org/2000/svg"
  >
    <path
      d="M1.1266 5.38862L5.57702 9.83902C5.79166 10.0537 6.13964 10.0537 6.35426 9.83902L6.87333 9.31995C7.0876 9.10568 7.08801 8.75841 6.87424 8.54363L3.34721 4.99999L6.87424 1.45637C7.08801 1.24159 7.0876 0.89432 6.87333 0.680047L6.35426 0.160979C6.13962 -0.0536598 5.79164 -0.0536598 5.57702 0.160979L1.12662 4.61138C0.911981 4.826 0.911981 5.17398 1.1266 5.38862Z"
      fill="#959595"
    />
  </svg>
  <div
    className="sc-gsnTZi jJYWnI"
    onPointerDown={[Function]}
    onPointerLeave={[Function]}
    onPointerMove={[Function]}
    onPointerUp={[Function]}
  >
    <div
      className="sc-dkzDqf gzhsGE"
      style={
        Object {
          "transform": "translateX(calc(-0rem + 0rem))",
        }
      }
    >
      <div
        className="sc-hKMtZM dhpram"
      >
        <button>
          Slide 1
        </button>
      </div>
      <div
        className="sc-hKMtZM dhpram"
      >
        <button>
          Slide 2
        </button>
      </div>
      <div
        className="sc-hKMtZM dhpram"
      >
        <button>
          Slide 3
        </button>
      </div>
      <div
        className="sc-hKMtZM dhpram"
      >
        <button>
          Slide 4
        </button>
      </div>
      <div
        className="sc-hKMtZM dhpram"
      >
        <button>
          Slide 5
        </button>
      </div>
    </div>
  </div>
  <svg
    className="sc-jSMfEi cBydFW"
    disabled={false}
    fill="none"
    height="15"
    onClick={[Function]}
    viewBox="0 0 8 10"
    width="20"
    xmlns="http://www.w3.org/2000/svg"
  >
    <path
      d="M6.87337 5.38862L2.42295 9.83902C2.20831 10.0537 1.86033 10.0537 1.64571 9.83902L1.12664 9.31995C0.912369 9.10568 0.911957 8.75841 1.12573 8.54363L4.65276 4.99999L1.12573 1.45637C0.911957 1.24159 0.912369 0.89432 1.12664 0.680047L1.64571 0.160979C1.86035 -0.0536598 2.20833 -0.0536598 2.42295 0.160979L6.87335 4.61138C7.08799 4.826 7.08799 5.17398 6.87337 5.38862Z"
      fill="#959595"
    />
  </svg>
</div>
`;
