// Jest Snapshot v1, https://goo.gl/fbAQLP

exports[`ManageCookies outside a browser renders nothing 1`] = `null`;
